Microchip MPLAB XC8 Compiler V1.30 ()

Linker command line:

-W-3 --edf=C:\Program Files (x86)\Microchip\xc8\v1.30\dat\en_msgs.txt -cs \
  -h+dist/default/production\Termometro_DHT22.X.production.sym \
  --cmf=dist/default/production\Termometro_DHT22.X.production.cmf -z \
  -Q16F877A -oC:\Users\dougl\AppData\Local\Temp\sddc.6 \
  -Mdist/default/production/Termometro_DHT22.X.production.map -E1 -ver=XC8 \
  -ASTACK=0110h-016fh -pstack=STACK -ACONST=00h-0FFhx32 -ACODE=00h-07FFhx4 \
  -ASTRCODE=00h-01FFFh -AENTRY=00h-0FFhx32 -ASTRING=00h-0FFhx32 \
  -ACOMMON=070h-07Fh -ABANK0=020h-06Fh -ABANK1=0A0h-0EFh \
  -ABANK2=0110h-016Fh -ABANK3=0190h-01EFh \
  -ARAM=020h-06Fh,0A0h-0EFh,0110h-016Fh,0190h-01EFh \
  -AABS1=020h-07Fh,0A0h-0EFh,0110h-016Fh,0190h-01EFh -ASFR0=00h-01Fh \
  -ASFR1=080h-09Fh -ASFR2=0100h-010Fh -ASFR3=0180h-018Fh \
  -preset_vec=00h,intentry,init,end_init -ppowerup=CODE -pcinit=CODE \
  -pfunctab=CODE -ACONFIG=02007h-02007h -pconfig=CONFIG -DCONFIG=2 \
  -AIDLOC=02000h-02003h -pidloc=IDLOC -DIDLOC=2 -AEEDATA=00h-0FFh/02100h \
  -peeprom_data=EEDATA -DEEDATA=2 -DCODE=2 -DSTRCODE=2 -DSTRING=2 -DCONST=2 \
  -DENTRY=2 -k C:\Users\dougl\AppData\Local\Temp\sddc.obj \
  dist/default/production\Termometro_DHT22.X.production.obj 

Object code version is 3.11

Machine type is 16F877A



                Name                               Link     Load   Length Selector   Space Scale
C:\Users\dougl\AppData\Local\Temp\sddc.obj
                end_init                              0        0        3        0       0
                config                             2007     2007        1     400E       0
dist/default/production\Termometro_DHT22.X.production.obj
                cinit                               7E8      7E8       18      FD0       0
                text14                              286      286       1A      50C       0
                text13                              489      489       5B      912       0
                text12                              4E4      4E4       91      9C8       0
                text11                              575      575       91      AEA       0
                text10                              3DF      3DF       54      7BE       0
                text9                               250      250       10      4A0       0
                text8                               2F8      2F8       2F      5F0       0
                text7                               271      271       15      4E2       0
                text6                               433      433       56      866       0
                text5                               399      399       46      732       0
                text4                               2A0      2A0       1B      540       0
                text3                               35B      35B       3E      6B6       0
                text2                               327      327       34      64E       0
                text1                               2D7      2D7       21      5AE       0
                maintext                            606      606      1E2      C0C       0
                cstackBANK0                          20       20       20       20       1
                cstackCOMMON                         70       70        E       70       1
                inittext                            260      260       11      4C0       0
                clrtext                             248      248        8      490       0
                dataBANK0                            40       40       1C       20       1
                bssBANK0                             5C       5C       10       20       1
                strings                               3        3       32        6       0
                idataBANK0                          2BB      2BB       1C      576       0

TOTAL           Name                               Link     Load   Length     Space
        CLASS   STACK          

        CLASS   CONST          

        CLASS   CODE           
                end_init                              0        0        3         0
                cinit                               7E8      7E8       18         0
                text14                              286      286       1A         0
                text13                              489      489       5B         0
                text12                              4E4      4E4       91         0
                text11                              575      575       91         0
                text10                              3DF      3DF       54         0
                text9                               250      250       10         0
                text8                               2F8      2F8       2F         0
                text7                               271      271       15         0
                text6                               433      433       56         0
                text5                               399      399       46         0
                text4                               2A0      2A0       1B         0
                text3                               35B      35B       3E         0
                text2                               327      327       34         0
                text1                               2D7      2D7       21         0
                maintext                            606      606      1E2         0
                inittext                            260      260       11         0
                clrtext                             248      248        8         0
                idataBANK0                          2BB      2BB       1C         0

        CLASS   STRCODE        

        CLASS   ENTRY          

        CLASS   STRING         
                strings                               3        3       32         0

        CLASS   COMMON         
                cstackCOMMON                         70       70        E         1

        CLASS   BANK0          
                cstackBANK0                          20       20       20         1
                dataBANK0                            40       40       1C         1
                bssBANK0                             5C       5C       10         1

        CLASS   BANK1          

        CLASS   BANK2          

        CLASS   BANK3          

        CLASS   RAM            

        CLASS   ABS1           
                abs_s1                               7E       7E        2         1

        CLASS   SFR0           

        CLASS   SFR1           

        CLASS   SFR2           

        CLASS   SFR3           

        CLASS   CONFIG         
                config                             2007     2007        1         0

        CLASS   IDLOC          

        CLASS   EEDATA         



SEGMENTS        Name                           Load    Length   Top    Selector   Space  Class     Delta

                reset_vec                      000000  000003  000003         0       0  CODE        2
                strings                        000003  000032  000035         6       0  STRING      2
                cstackBANK0                    000020  00004C  00006C        20       1  BANK0       1
                cstackCOMMON                   000070  00000E  00007E        70       1  COMMON      1
                clrtext                        000248  000008  000250       490       0  CODE        2
                text9                          000250  000010  000260       4A0       0  CODE        2
                inittext                       000260  000011  000271       4C0       0  CODE        2
                text7                          000271  000015  000286       4E2       0  CODE        2
                text14                         000286  00001A  0002A0       50C       0  CODE        2
                text4                          0002A0  00001B  0002BB       540       0  CODE        2
                idataBANK0                     0002BB  00001C  0002D7       576       0  CODE        2
                text1                          0002D7  000021  0002F8       5AE       0  CODE        2
                text8                          0002F8  00002F  000327       5F0       0  CODE        2
                text2                          000327  000034  00035B       64E       0  CODE        2
                text3                          00035B  00003E  000399       6B6       0  CODE        2
                text5                          000399  000046  0003DF       732       0  CODE        2
                text10                         0003DF  000054  000433       7BE       0  CODE        2
                text6                          000433  000056  000489       866       0  CODE        2
                text13                         000489  00005B  0004E4       912       0  CODE        2
                text12                         0004E4  000091  000575       9C8       0  CODE        2
                text11                         000575  000091  000606       AEA       0  CODE        2
                maintext                       000606  0001E2  0007E8       C0C       0  CODE        2
                cinit                          0007E8  000018  000800       FD0       0  CODE        2
                config                         002007  000001  002008      400E       0  CONFIG      2


UNUSED ADDRESS RANGES

        Name                Unused          Largest block    Delta
        BANK0            006C-006F              4           1
        BANK1            00A0-00EF             50           1
        BANK2            0110-016F             60           1
        BANK3            0190-01EF             60           1
        CODE             0035-0247            213           2
                         0800-1FFF            800
        CONST            0035-0247            100           2
                         0800-1FFF            100
        EEDATA           2100-21FF            100           2
        ENTRY            0035-0247            100           2
                         0800-1FFF            100
        IDLOC            2000-2003              4           2
        RAM              006C-006F              4           1
                         00A0-00EF             50
                         0110-016F             60
                         0190-01EF             60
        SFR0             0000-001F             20           1
        SFR1             0080-009F             20           1
        SFR2             0100-010F             10           1
        SFR3             0180-018F             10           1
        STACK            0110-016F             60           1
        STRCODE          0035-0247            213           2
                         0800-1FFF           1800
        STRING           0035-0247            100           2
                         0800-1FFF            100

                                  Symbol Table

?_CheckResponse          cstackCOMMON 0070
?_ReadByte               cstackCOMMON 0070
?___awdiv                cstackCOMMON 0070
?___lwdiv                cstackCOMMON 0070
?___lwmod                cstackCOMMON 0078
LCD_Char@OUTS            cstackBANK0  0020
LCD_Char@dat             cstackBANK0  0030
LCD_Char@i               cstackBANK0  0031
LCD_Char_xy@dat          cstackCOMMON 007D
LCD_Char_xy@location     cstackBANK0  0035
LCD_Char_xy@pos          cstackCOMMON 007C
LCD_Char_xy@row          cstackBANK0  0034
LCD_Command@OUTS         cstackBANK0  0020
LCD_Command@cmd          cstackBANK0  0030
LCD_Command@i            cstackBANK0  0031
LCD_String@msg           cstackCOMMON 007D
LCD_String_xy@location   cstackBANK0  0037
LCD_String_xy@msg        cstackBANK0  0034
LCD_String_xy@pos        cstackBANK0  0033
LCD_String_xy@row        cstackBANK0  0036
ReadByte@data            cstackCOMMON 0074
ReadByte@for_count       cstackCOMMON 0075
_CheckResponse           text14       0286
_CheckSum                bssBANK0     005C
_LCD_Char                text12       04E4
_LCD_Char_xy             text10       03DF
_LCD_Clear               text9        0250
_LCD_Command             text11       0575
_LCD_Init                text8        02F8
_LCD_String              text7        0271
_LCD_String_xy           text6        0433
_PORTBbits               (abs)        0006
_PORTCbits               (abs)        0007
_RH                      bssBANK0     005E
_RH_Byte1                bssBANK0     0060
_RH_Byte2                bssBANK0     0062
_ReadByte                text5        0399
_StartSignal             text4        02A0
_TRISB                   (abs)        0086
_TRISC0                  (abs)        0438
_T_Byte1                 bssBANK0     0064
_T_Byte2                 bssBANK0     0066
_Temp                    bssBANK0     0068
__CFG_BOREN$ON           (abs)        0000
__CFG_CP$OFF             (abs)        0000
__CFG_CPD$OFF            (abs)        0000
__CFG_FOSC$HS            (abs)        0000
__CFG_LVP$OFF            (abs)        0000
__CFG_PWRTE$OFF          (abs)        0000
__CFG_WDTE$OFF           (abs)        0000
__CFG_WRT$OFF            (abs)        0000
__Habs1                  abs1         0000
__Hbank0                 bank0        0000
__Hbank1                 bank1        0000
__Hbank2                 bank2        0000
__Hbank3                 bank3        0000
__HbssBANK0              bssBANK0     0000
__Hcinit                 cinit        0800
__Hclrtext               clrtext      0000
__Hcode                  code         0000
__Hcommon                common       0000
__Hconfig                config       2008
__HcstackBANK0           cstackBANK0  0000
__HcstackCOMMON          cstackCOMMON 0000
__HdataBANK0             dataBANK0    0000
__Heeprom_data           eeprom_data  0000
__Hend_init              end_init     0003
__Hfunctab               functab      0000
__HidataBANK0            idataBANK0   0000
__Hidloc                 idloc        0000
__Hinit                  init         0000
__Hinittext              inittext     0000
__Hintentry              intentry     0000
__Hmaintext              maintext     0000
__Hpowerup               powerup      0000
__Hram                   ram          0000
__Hreset_vec             reset_vec    0000
__Hsfr0                  sfr0         0000
__Hsfr1                  sfr1         0000
__Hsfr2                  sfr2         0000
__Hsfr3                  sfr3         0000
__Hstack                 stack        0000
__Hstrings               strings      0000
__Htext                  text         0000
__Labs1                  abs1         0000
__Lbank0                 bank0        0000
__Lbank1                 bank1        0000
__Lbank2                 bank2        0000
__Lbank3                 bank3        0000
__LbssBANK0              bssBANK0     0000
__Lcinit                 cinit        07E8
__Lclrtext               clrtext      0000
__Lcode                  code         0000
__Lcommon                common       0000
__Lconfig                config       2007
__LcstackBANK0           cstackBANK0  0000
__LcstackCOMMON          cstackCOMMON 0000
__LdataBANK0             dataBANK0    0000
__Leeprom_data           eeprom_data  0000
__Lend_init              end_init     0000
__Lfunctab               functab      0000
__LidataBANK0            idataBANK0   0000
__Lidloc                 idloc        0000
__Linit                  init         0000
__Linittext              inittext     0000
__Lintentry              intentry     0000
__Lmaintext              maintext     0000
__Lpowerup               powerup      0000
__Lram                   ram          0000
__Lreset_vec             reset_vec    0000
__Lsfr0                  sfr0         0000
__Lsfr1                  sfr1         0000
__Lsfr2                  sfr2         0000
__Lsfr3                  sfr3         0000
__Lstack                 stack        0000
__Lstrings               strings      0000
__Ltext                  text         0000
__S0                     (abs)        2008
__S1                     (abs)        007E
__S2                     (abs)        0000
__S3                     (abs)        0000
___awdiv                 text13       0489
___awdiv@counter         cstackCOMMON 0075
___awdiv@dividend        cstackCOMMON 0072
___awdiv@divisor         cstackCOMMON 0070
___awdiv@quotient        cstackCOMMON 0077
___awdiv@sign            cstackCOMMON 0076
___int_sp                stack        0000
___latbits               (abs)        0002
___lwdiv                 text3        035B
___lwdiv@counter         cstackCOMMON 0077
___lwdiv@dividend        cstackCOMMON 0072
___lwdiv@divisor         cstackCOMMON 0070
___lwdiv@quotient        cstackCOMMON 0075
___lwmod                 text2        0327
___lwmod@counter         cstackCOMMON 007D
___lwmod@dividend        cstackCOMMON 007A
___lwmod@divisor         cstackCOMMON 0078
___sp                    stack        0000
__end_of_CheckResponse   text14       02A0
__end_of_LCD_Char        text12       0575
__end_of_LCD_Char_xy     text10       0433
__end_of_LCD_Clear       text9        0260
__end_of_LCD_Command     text11       0606
__end_of_LCD_Init        text8        0327
__end_of_LCD_String      text7        0286
__end_of_LCD_String_xy   text6        0489
__end_of_ReadByte        text5        03DF
__end_of_StartSignal     text4        02BB
__end_of___awdiv         text13       04E4
__end_of___lwdiv         text3        0399
__end_of___lwmod         text2        035B
__end_of__initialization cinit        07FC
__end_of__stringdata     strings      0035
__end_of__stringtab      strings      0009
__end_of_delay_1s        text1        02F8
__end_of_main            maintext     07E8
__initialization         cinit        07E8
__pbssBANK0              bssBANK0     005C
__pcstackBANK0           cstackBANK0  0020
__pcstackCOMMON          cstackCOMMON 0070
__pdataBANK0             dataBANK0    0040
__pidataBANK0            idataBANK0   02BB
__pmaintext              maintext     0606
__pstrings               strings      0003
__ptext1                 text1        02D7
__ptext10                text10       03DF
__ptext11                text11       0575
__ptext12                text12       04E4
__ptext13                text13       0489
__ptext14                text14       0286
__ptext2                 text2        0327
__ptext3                 text3        035B
__ptext4                 text4        02A0
__ptext5                 text5        0399
__ptext6                 text6        0433
__ptext7                 text7        0271
__ptext8                 text8        02F8
__ptext9                 text9        0250
__size_of_CheckResponse  (abs)        0000
__size_of_LCD_Char       (abs)        0000
__size_of_LCD_Char_xy    (abs)        0000
__size_of_LCD_Clear      (abs)        0000
__size_of_LCD_Command    (abs)        0000
__size_of_LCD_Init       (abs)        0000
__size_of_LCD_String     (abs)        0000
__size_of_LCD_String_xy  (abs)        0000
__size_of_ReadByte       (abs)        0000
__size_of_StartSignal    (abs)        0000
__size_of___awdiv        (abs)        0000
__size_of___lwdiv        (abs)        0000
__size_of___lwmod        (abs)        0000
__size_of_delay_1s       (abs)        0000
__size_of_main           (abs)        0000
__stringbase             strings      0008
__stringdata             strings      0009
__stringtab              strings      0003
_check                   bssBANK0     006A
_delay_1s                text1        02D7
_main                    maintext     0606
_message1                dataBANK0    0040
_message2                dataBANK0    004E
btemp                    (abs)        007E
clear_ram0               clrtext      0248
delay_1s@i               cstackCOMMON 0073
end_of_initialization    cinit        07FC
init_fetch0              inittext     0260
init_ram0                inittext     0264
intlevel0                functab      0000
intlevel1                functab      0000
intlevel2                functab      0000
intlevel3                functab      0000
intlevel4                functab      0000
intlevel5                functab      0000
ltemp                    (abs)        007E
ltemp0                   (abs)        007E
ltemp1                   (abs)        0082
ltemp2                   (abs)        0086
ltemp3                   (abs)        0080
reset_vec                reset_vec    0000
stackhi                  (abs)        0000
stacklo                  (abs)        0000
start                    init         0000
start_initialization     cinit        07E8
ttemp                    (abs)        007E
ttemp0                   (abs)        007E
ttemp1                   (abs)        0081
ttemp2                   (abs)        0084
ttemp3                   (abs)        0087
ttemp4                   (abs)        007F
wtemp                    (abs)        007E
wtemp0                   (abs)        007E
wtemp1                   (abs)        0080
wtemp2                   (abs)        0082
wtemp3                   (abs)        0084
wtemp4                   (abs)        0086
wtemp5                   (abs)        0088
wtemp6                   (abs)        007F


FUNCTION INFORMATION:

 *************** function _main *****************
 Defined at:
		line 41 in file "main.c"
 Parameters:    Size  Location     Type
		None
 Auto vars:     Size  Location     Type
		None
 Return value:  Size  Location     Type
		None               void
 Registers used:
		wreg, fsr0l, fsr0h, status,2, status,0, btemp+1, pclath, cstack
 Tracked objects:
		On entry : 
		On exit  : 
		Unchanged: 
 Data sizes:     COMMON   BANK0   BANK1   BANK3   BANK2
      Params:         0       0       0       0       0
      Locals:         0       0       0       0       0
      Temps:          0       8       0       0       0
      Totals:         0       8       0       0       0
Total ram usage:        8 bytes
 Hardware stack levels required when called:    4
 This function calls:
		_CheckResponse
		_LCD_Char_xy
		_LCD_Clear
		_LCD_Init
		_LCD_String_xy
		_ReadByte
		_StartSignal
		___lwdiv
		___lwmod
		_delay_1s
 This function is called by:
		Startup code after reset
 This function uses a non-reentrant model


 *************** function _delay_1s *****************
 Defined at:
		line 102 in file "main.c"
 Parameters:    Size  Location     Type
		None
 Auto vars:     Size  Location     Type
  i               2    3[COMMON] short 
 Return value:  Size  Location     Type
		None               void
 Registers used:
		wreg, status,2, btemp+1
 Tracked objects:
		On entry : 
		On exit  : 
		Unchanged: 
 Data sizes:     COMMON   BANK0   BANK1   BANK3   BANK2
      Params:         0       0       0       0       0
      Locals:         2       0       0       0       0
      Temps:          3       0       0       0       0
      Totals:         5       0       0       0       0
Total ram usage:        5 bytes
 Hardware stack levels used:    1
 This function calls:
		Nothing
 This function is called by:
		_main
 This function uses a non-reentrant model


 *************** function ___lwmod *****************
 Defined at:
		line 6 in file "C:\Program Files (x86)\Microchip\xc8\v1.30\sources\common\lwmod.c"
 Parameters:    Size  Location     Type
  divisor         2    8[COMMON] unsigned int 
  dividend        2   10[COMMON] unsigned int 
 Auto vars:     Size  Location     Type
  counter         1   13[COMMON] unsigned char 
 Return value:  Size  Location     Type
                  2    8[COMMON] unsigned int 
 Registers used:
		wreg, status,2, status,0
 Tracked objects:
		On entry : 
		On exit  : 
		Unchanged: 
 Data sizes:     COMMON   BANK0   BANK1   BANK3   BANK2
      Params:         4       0       0       0       0
      Locals:         1       0       0       0       0
      Temps:          1       0       0       0       0
      Totals:         6       0       0       0       0
Total ram usage:        6 bytes
 Hardware stack levels used:    1
 This function calls:
		Nothing
 This function is called by:
		_main
 This function uses a non-reentrant model


 *************** function ___lwdiv *****************
 Defined at:
		line 6 in file "C:\Program Files (x86)\Microchip\xc8\v1.30\sources\common\lwdiv.c"
 Parameters:    Size  Location     Type
  divisor         2    0[COMMON] unsigned int 
  dividend        2    2[COMMON] unsigned int 
 Auto vars:     Size  Location     Type
  quotient        2    5[COMMON] unsigned int 
  counter         1    7[COMMON] unsigned char 
 Return value:  Size  Location     Type
                  2    0[COMMON] unsigned int 
 Registers used:
		wreg, status,2, status,0
 Tracked objects:
		On entry : 
		On exit  : 
		Unchanged: 
 Data sizes:     COMMON   BANK0   BANK1   BANK3   BANK2
      Params:         4       0       0       0       0
      Locals:         3       0       0       0       0
      Temps:          1       0       0       0       0
      Totals:         8       0       0       0       0
Total ram usage:        8 bytes
 Hardware stack levels used:    1
 This function calls:
		Nothing
 This function is called by:
		_main
 This function uses a non-reentrant model


 *************** function _StartSignal *****************
 Defined at:
		line 21 in file "DHT11.c"
 Parameters:    Size  Location     Type
		None
 Auto vars:     Size  Location     Type
		None
 Return value:  Size  Location     Type
		None               void
 Registers used:
		wreg
 Tracked objects:
		On entry : 
		On exit  : 
		Unchanged: 
 Data sizes:     COMMON   BANK0   BANK1   BANK3   BANK2
      Params:         0       0       0       0       0
      Locals:         0       0       0       0       0
      Temps:          2       0       0       0       0
      Totals:         2       0       0       0       0
Total ram usage:        2 bytes
 Hardware stack levels used:    1
 This function calls:
		Nothing
 This function is called by:
		_main
 This function uses a non-reentrant model


 *************** function _ReadByte *****************
 Defined at:
		line 33 in file "DHT11.c"
 Parameters:    Size  Location     Type
		None
 Auto vars:     Size  Location     Type
  for_count       1    5[COMMON] unsigned char 
  data            1    4[COMMON] unsigned char 
 Return value:  Size  Location     Type
                  2    0[COMMON] unsigned short 
 Registers used:
		wreg, status,2, status,0
 Tracked objects:
		On entry : 
		On exit  : 
		Unchanged: 
 Data sizes:     COMMON   BANK0   BANK1   BANK3   BANK2
      Params:         2       0       0       0       0
      Locals:         2       0       0       0       0
      Temps:          2       0       0       0       0
      Totals:         6       0       0       0       0
Total ram usage:        6 bytes
 Hardware stack levels used:    1
 This function calls:
		Nothing
 This function is called by:
		_main
 This function uses a non-reentrant model


 *************** function _LCD_String_xy *****************
 Defined at:
		line 126 in file "LCD4B.c"
 Parameters:    Size  Location     Type
  row             1    wreg     unsigned char 
  pos             1   19[BANK0 ] unsigned char 
  msg             1   20[BANK0 ] PTR const unsigned char 
		 -> message2(14), message1(14), 
 Auto vars:     Size  Location     Type
  row             1   22[BANK0 ] unsigned char 
  location        1   23[BANK0 ] unsigned char 
 Return value:  Size  Location     Type
		None               void
 Registers used:
		wreg, fsr0l, fsr0h, status,2, status,0, btemp+1, pclath, cstack
 Tracked objects:
		On entry : 
		On exit  : 
		Unchanged: 
 Data sizes:     COMMON   BANK0   BANK1   BANK3   BANK2
      Params:         0       2       0       0       0
      Locals:         0       2       0       0       0
      Temps:          0       1       0       0       0
      Totals:         0       5       0       0       0
Total ram usage:        5 bytes
 Hardware stack levels used:    1
 Hardware stack levels required when called:    3
 This function calls:
		_LCD_Command
		_LCD_String
 This function is called by:
		_main
 This function uses a non-reentrant model


 *************** function _LCD_String *****************
 Defined at:
		line 117 in file "LCD4B.c"
 Parameters:    Size  Location     Type
  msg             1    wreg     PTR const unsigned char 
		 -> message2(14), message1(14), 
 Auto vars:     Size  Location     Type
  msg             1   13[COMMON] PTR const unsigned char 
		 -> message2(14), message1(14), 
 Return value:  Size  Location     Type
		None               void
 Registers used:
		wreg, fsr0l, fsr0h, status,2, status,0, btemp+1, pclath, cstack
 Tracked objects:
		On entry : 
		On exit  : 
		Unchanged: 
 Data sizes:     COMMON   BANK0   BANK1   BANK3   BANK2
      Params:         0       0       0       0       0
      Locals:         1       0       0       0       0
      Temps:          1       0       0       0       0
      Totals:         2       0       0       0       0
Total ram usage:        2 bytes
 Hardware stack levels used:    1
 Hardware stack levels required when called:    2
 This function calls:
		_LCD_Char
 This function is called by:
		_LCD_String_xy
 This function uses a non-reentrant model


 *************** function _LCD_Init *****************
 Defined at:
		line 42 in file "LCD4B.c"
 Parameters:    Size  Location     Type
		None
 Auto vars:     Size  Location     Type
		None
 Return value:  Size  Location     Type
		None               void
 Registers used:
		wreg, fsr0l, fsr0h, status,2, status,0, btemp+1, pclath, cstack
 Tracked objects:
		On entry : 
		On exit  : 
		Unchanged: 
 Data sizes:     COMMON   BANK0   BANK1   BANK3   BANK2
      Params:         0       0       0       0       0
      Locals:         0       0       0       0       0
      Temps:          0       3       0       0       0
      Totals:         0       3       0       0       0
Total ram usage:        3 bytes
 Hardware stack levels used:    1
 Hardware stack levels required when called:    2
 This function calls:
		_LCD_Command
 This function is called by:
		_main
 This function uses a non-reentrant model


 *************** function _LCD_Clear *****************
 Defined at:
		line 153 in file "LCD4B.c"
 Parameters:    Size  Location     Type
		None
 Auto vars:     Size  Location     Type
		None
 Return value:  Size  Location     Type
		None               void
 Registers used:
		wreg, fsr0l, fsr0h, status,2, status,0, btemp+1, pclath, cstack
 Tracked objects:
		On entry : 
		On exit  : 
		Unchanged: 
 Data sizes:     COMMON   BANK0   BANK1   BANK3   BANK2
      Params:         0       0       0       0       0
      Locals:         0       0       0       0       0
      Temps:          2       0       0       0       0
      Totals:         2       0       0       0       0
Total ram usage:        2 bytes
 Hardware stack levels used:    1
 Hardware stack levels required when called:    2
 This function calls:
		_LCD_Command
 This function is called by:
		_main
 This function uses a non-reentrant model


 *************** function _LCD_Char_xy *****************
 Defined at:
		line 89 in file "LCD4B.c"
 Parameters:    Size  Location     Type
  row             1    wreg     unsigned char 
  pos             1   12[COMMON] unsigned char 
  dat             1   13[COMMON] unsigned char 
 Auto vars:     Size  Location     Type
  row             1   20[BANK0 ] unsigned char 
  location        1   21[BANK0 ] unsigned char 
 Return value:  Size  Location     Type
		None               void
 Registers used:
		wreg, fsr0l, fsr0h, status,2, status,0, btemp+1, pclath, cstack
 Tracked objects:
		On entry : 
		On exit  : 
		Unchanged: 
 Data sizes:     COMMON   BANK0   BANK1   BANK3   BANK2
      Params:         2       0       0       0       0
      Locals:         0       2       0       0       0
      Temps:          0       1       0       0       0
      Totals:         2       3       0       0       0
Total ram usage:        5 bytes
 Hardware stack levels used:    1
 Hardware stack levels required when called:    2
 This function calls:
		_LCD_Char
		_LCD_Command
 This function is called by:
		_main
 This function uses a non-reentrant model


 *************** function _LCD_Command *****************
 Defined at:
		line 8 in file "LCD4B.c"
 Parameters:    Size  Location     Type
  cmd             1    wreg     unsigned char 
 Auto vars:     Size  Location     Type
  cmd             1   16[BANK0 ] unsigned char 
  OUTS           16    0[BANK0 ] short [8]
  i               2   17[BANK0 ] short 
 Return value:  Size  Location     Type
		None               void
 Registers used:
		wreg, fsr0l, fsr0h, status,2, status,0, btemp+1, pclath, cstack
 Tracked objects:
		On entry : 
		On exit  : 
		Unchanged: 
 Data sizes:     COMMON   BANK0   BANK1   BANK3   BANK2
      Params:         0       0       0       0       0
      Locals:         0      19       0       0       0
      Temps:          3       0       0       0       0
      Totals:         3      19       0       0       0
Total ram usage:       22 bytes
 Hardware stack levels used:    1
 Hardware stack levels required when called:    1
 This function calls:
		___awdiv
 This function is called by:
		_LCD_Init
		_LCD_Char_xy
		_LCD_String_xy
		_LCD_Clear
 This function uses a non-reentrant model


 *************** function _LCD_Char *****************
 Defined at:
		line 56 in file "LCD4B.c"
 Parameters:    Size  Location     Type
  dat             1    wreg     unsigned char 
 Auto vars:     Size  Location     Type
  dat             1   16[BANK0 ] unsigned char 
  OUTS           16    0[BANK0 ] short [8]
  i               2   17[BANK0 ] short 
 Return value:  Size  Location     Type
		None               void
 Registers used:
		wreg, fsr0l, fsr0h, status,2, status,0, btemp+1, pclath, cstack
 Tracked objects:
		On entry : 
		On exit  : 
		Unchanged: 
 Data sizes:     COMMON   BANK0   BANK1   BANK3   BANK2
      Params:         0       0       0       0       0
      Locals:         0      19       0       0       0
      Temps:          3       0       0       0       0
      Totals:         3      19       0       0       0
Total ram usage:       22 bytes
 Hardware stack levels used:    1
 Hardware stack levels required when called:    1
 This function calls:
		___awdiv
 This function is called by:
		_LCD_Char_xy
		_LCD_String
 This function uses a non-reentrant model


 *************** function ___awdiv *****************
 Defined at:
		line 6 in file "C:\Program Files (x86)\Microchip\xc8\v1.30\sources\common\awdiv.c"
 Parameters:    Size  Location     Type
  divisor         2    0[COMMON] int 
  dividend        2    2[COMMON] int 
 Auto vars:     Size  Location     Type
  quotient        2    7[COMMON] int 
  sign            1    6[COMMON] unsigned char 
  counter         1    5[COMMON] unsigned char 
 Return value:  Size  Location     Type
                  2    0[COMMON] int 
 Registers used:
		wreg, status,2, status,0
 Tracked objects:
		On entry : 
		On exit  : 
		Unchanged: 
 Data sizes:     COMMON   BANK0   BANK1   BANK3   BANK2
      Params:         4       0       0       0       0
      Locals:         4       0       0       0       0
      Temps:          1       0       0       0       0
      Totals:         9       0       0       0       0
Total ram usage:        9 bytes
 Hardware stack levels used:    1
 This function calls:
		Nothing
 This function is called by:
		_LCD_Command
		_LCD_Char
 This function uses a non-reentrant model


 *************** function _CheckResponse *****************
 Defined at:
		line 50 in file "DHT11.c"
 Parameters:    Size  Location     Type
		None
 Auto vars:     Size  Location     Type
		None
 Return value:  Size  Location     Type
                  2    0[COMMON] unsigned short 
 Registers used:
		wreg
 Tracked objects:
		On entry : 
		On exit  : 
		Unchanged: 
 Data sizes:     COMMON   BANK0   BANK1   BANK3   BANK2
      Params:         2       0       0       0       0
      Locals:         0       0       0       0       0
      Temps:          1       0       0       0       0
      Totals:         3       0       0       0       0
Total ram usage:        3 bytes
 Hardware stack levels used:    1
 This function calls:
		Nothing
 This function is called by:
		_main
 This function uses a non-reentrant model



MODULE INFORMATION

Module		Function		Class		Link	Load	Size
C:\Program Files (x86)\Microchip\xc8\v1.30\sources\common\lwdiv.c
		___lwdiv       		CODE           	035B	0000	62

C:\Program Files (x86)\Microchip\xc8\v1.30\sources\common\lwdiv.c estimated size: 62

LCD4B.c
		_LCD_String    		CODE           	0271	0000	21
		_LCD_Init      		CODE           	02F8	0000	47
		_LCD_Command   		CODE           	0575	0000	145
		_LCD_String_xy 		CODE           	0433	0000	86
		_LCD_Char      		CODE           	04E4	0000	145
		_LCD_Char_xy   		CODE           	03DF	0000	84
		_LCD_Clear     		CODE           	0250	0000	16

LCD4B.c estimated size: 544

DHT11.c
		_CheckResponse 		CODE           	0286	0000	26
		_StartSignal   		CODE           	02A0	0000	27
		_ReadByte      		CODE           	0399	0000	70

DHT11.c estimated size: 123

shared
		__stringtab    		STRING         	0003	0000	6
		__stringdata   		STRING         	0009	0000	44
		__initializatio		CODE           	07E8	0000	20

shared estimated size: 70

main.c
		_main          		CODE           	0606	0000	482
		_delay_1s      		CODE           	02D7	0000	33

main.c estimated size: 515

C:\Program Files (x86)\Microchip\xc8\v1.30\sources\common\lwmod.c
		___lwmod       		CODE           	0327	0000	52

C:\Program Files (x86)\Microchip\xc8\v1.30\sources\common\lwmod.c estimated size: 52

C:\Program Files (x86)\Microchip\xc8\v1.30\sources\common\awdiv.c
		___awdiv       		CODE           	0489	0000	91

C:\Program Files (x86)\Microchip\xc8\v1.30\sources\common\awdiv.c estimated size: 91

