Microchip MPLAB XC8 Compiler V2.32

Linker command line:

-W-3 --edf=C:\Program Files\Microchip\xc8\v2.32\pic\dat\en_msgs.txt -cn \
  -h+dist/default/production\HORt4550.X.production.sym \
  --cmf=dist/default/production\HORt4550.X.production.cmf -z -Q18F4550 \
  -oC:\Users\Douglas\AppData\Local\Temp\xcAs6t8.4 --defsym=__MPLAB_BUILD=1 \
  -Mdist/default/production/HORt4550.X.production.map -E1 -ver=XC8 Compiler \
  --acfsm=1493 -ASTACK=060h-07FFh -pstack=STACK -ACODE=00h-07FFFh \
  -ACONST=00h-07FFFh -ASMALLCONST=0800h-08FFhx120 \
  -AMEDIUMCONST=0800h-07FFFh -ACOMRAM=01h-05Fh -AABS1=00h-07FFh \
  -ABIGRAM=01h-07FFh -ARAM=060h-0FFh,0100h-01FFhx7 -ABANK0=060h-0FFh \
  -ABANK1=0100h-01FFh -ABANK2=0200h-02FFh -ABANK3=0300h-03FFh \
  -ABANK4=0400h-04FFh -ABANK5=0500h-05FFh -ABANK6=0600h-06FFh \
  -ABANK7=0700h-07FFh -ASFR=0F60h-0FFFh -ACONFIG=0300000h-030000Dh \
  -AIDLOC=0200000h-0200007h -AEEDATA=0F00000h-0F000FFh -peeprom_data=EEDATA \
  -preset_vec=00h,intcode,intcodelo,powerup,init -pramtop=0800h \
  -psmallconst=SMALLCONST -pmediumconst=MEDIUMCONST -pconst=CONST \
  -AFARRAM=00h-00h \
  -prdata=COMRAM,nvrram=COMRAM,nvbit=COMRAM,rbss=COMRAM,rbit=COMRAM \
  -pfarbss=FARRAM,fardata=FARRAM,nvFARRAM=FARRAM \
  -pintsave_regs=BIGRAM,bigbss=BIGRAM,bigdata=BIGRAM -pbss=RAM \
  -pidata=CODE,irdata=CODE,ibigdata=CODE,ifardata=CODE -prparam=COMRAM \
  C:\Users\Douglas\AppData\Local\Temp\xcAs6t8.o \
  dist/default/production\HORt4550.X.production.o 

Object code version is 3.11

Machine type is 18F4550



                Name                               Link     Load   Length Selector   Space Scale
C:\Users\Douglas\AppData\Local\Temp\xcAs6t8.o
                idloc                            200000   200000        8        0       5
                config                           300000   300000        E        0       4
                init                                  0        0        4        0       0
dist/default/production\HORt4550.X.production.o
                idloc                            200000   200000        8        0       5
                config                           300000   300000        E        0       4
                smallconst                          800      800       10      400       0
                text14                             15EA     15EA       20      408       0
                text13                             1520     1520       58      408       0
                text12                             12F4     12F4       C4      408       0
                text11                             1216     1216       DE      408       0
                text10                             160A     160A       16      408       0
                text9                              1578     1578       3C      408       0
                text8                              1138     1138       DE      408       0
                text7                              14C2     14C2       5E      408       0
                text6                              13B8     13B8       96      408       0
                text5                               810      810      39A      408       0
                text4                               F46      F46      106      408       0
                text3                              144E     144E       74      408       0
                text2                               D92      D92      1B4      408       0
                text1                              104C     104C       EC      408       0
                text0                               BAA      BAA      1E8      408       0
                cstackCOMRAM                          1        1       33        1       1
                dataCOMRAM                           34       34       10        1       1
                bssCOMRAM                            44       44        8        1       1
                cinit                              15B4     15B4       36      408       0
                idataCOMRAM                        1620     1620       10      408       0

TOTAL           Name                               Link     Load   Length     Space
        CLASS   STACK          

        CLASS   CODE           
                init                                  0        0        4         0
                text14                             15EA     15EA       20         0
                text13                             1520     1520       58         0
                text12                             12F4     12F4       C4         0
                text11                             1216     1216       DE         0
                text10                             160A     160A       16         0
                text9                              1578     1578       3C         0
                text8                              1138     1138       DE         0
                text7                              14C2     14C2       5E         0
                text6                              13B8     13B8       96         0
                text5                               810      810      39A         0
                text4                               F46      F46      106         0
                text3                              144E     144E       74         0
                text2                               D92      D92      1B4         0
                text1                              104C     104C       EC         0
                text0                               BAA      BAA      1E8         0
                cinit                              15B4     15B4       36         0
                idataCOMRAM                        1620     1620       10         0

        CLASS   CONST          

        CLASS   SMALLCONST     
                smallconst                          800      800       10         0

        CLASS   MEDIUMCONST    

        CLASS   COMRAM         
                cstackCOMRAM                          1        1       33         1
                dataCOMRAM                           34       34       10         1
                bssCOMRAM                            44       44        8         1

        CLASS   ABS1           

        CLASS   BIGRAM         

        CLASS   RAM            

        CLASS   BANK0          

        CLASS   BANK1          

        CLASS   BANK2          

        CLASS   BANK3          

        CLASS   BANK4          

        CLASS   BANK5          

        CLASS   BANK6          

        CLASS   BANK7          

        CLASS   SFR            

        CLASS   CONFIG         
                config                           300000   300000        E         4

        CLASS   IDLOC          
                idloc                            200000   200000        8         5

        CLASS   EEDATA         

        CLASS   FARRAM         



SEGMENTS        Name                           Load    Length   Top    Selector   Space  Class

                reset_vec                      000000  000004  000004         0       0  CODE    
                cstackCOMRAM                   000001  00004B  00004C         1       1  COMRAM  
                smallconst                     000800  000010  000810       400       0  SMALLCON
                text5                          000810  000E20  001630       408       0  CODE    


UNUSED ADDRESS RANGES

        Name                Unused          Largest block    Delta
        BANK0            000060-0000FF               A0
        BANK1            000100-0001FF              100
        BANK2            000200-0002FF              100
        BANK3            000300-0003FF              100
        BANK4            000400-0004FF              100
        BANK5            000500-0005FF              100
        BANK6            000600-0006FF              100
        BANK7            000700-0007FF              100
        BIGRAM           00004C-0007FF              7B4
        CODE             000004-0007FF              7FC
                         001630-007FFF             69D0
        COMRAM           00004C-00005F               14
        CONST            000004-0007FF              7FC
                         001630-007FFF             69D0
        EEDATA           F00000-F000FF              100
        MEDIUMCONST      001630-007FFF             69D0
        RAM              000060-0007FF              100
        SFR              000F60-000FFF               A0
        SMALLCONST       001630-007FFF              100
        STACK            000060-0007FF              7A0

                                  Symbol Table

?_ADC_Read                cstackCOMRAM 000001
?___awdiv                 cstackCOMRAM 000001
?___fldiv                 cstackCOMRAM 00000F
?___fltol                 cstackCOMRAM 000028
?___lwdiv                 cstackCOMRAM 000001
?___xxtofl                cstackCOMRAM 000001
ADC_Initialize@channel    cstackCOMRAM 000001
ADC_Read@channel          cstackCOMRAM 000001
ADC_Read@temp             cstackCOMRAM 000007
LCD_Char@OUTS             cstackCOMRAM 00000B
LCD_Char@dat              cstackCOMRAM 00001B
LCD_Char@i                cstackCOMRAM 00001C
LCD_Command@OUTS          cstackCOMRAM 00000B
LCD_Command@cmd           cstackCOMRAM 00001B
LCD_Command@i             cstackCOMRAM 00001C
LCD_String@msg            cstackCOMRAM 00001E
LCD_String_xy@location    cstackCOMRAM 000026
LCD_String_xy@msg         cstackCOMRAM 000021
LCD_String_xy@pos         cstackCOMRAM 000020
LCD_String_xy@row         cstackCOMRAM 000025
_ADCON0bits               (abs)        000FC2
_ADCON1bits               (abs)        000FC1
_ADCON2bits               (abs)        000FC0
_ADC_Initialize           text14       0015EA
_ADC_Read                 text13       001520
_ADRESH                   (abs)        000FC4
_ADRESL                   (abs)        000FC3
_CMCON                    (abs)        000FB4
_LATBbits                 (abs)        000F8A
_LCD_Char                 text8        001138
_LCD_Clear                text10       00160A
_LCD_Command              text11       001216
_LCD_Init                 text9        001578
_LCD_String               text7        0014C2
_LCD_String_xy            text6        0013B8
_OSCCON                   (abs)        000FD3
_TRISAbits                (abs)        000F92
_TRISBbits                (abs)        000F93
__HRAM                    (abs)        000000
__Habs1                   abs1         000000
__Hbank0                  bank0        000000
__Hbank1                  bank1        000000
__Hbank2                  bank2        000000
__Hbank3                  bank3        000000
__Hbank4                  bank4        000000
__Hbank5                  bank5        000000
__Hbank6                  bank6        000000
__Hbank7                  bank7        000000
__Hbigbss                 bigbss       000000
__Hbigdata                bigdata      000000
__Hbigram                 bigram       000000
__Hbss                    bss          000000
__HbssCOMRAM              bssCOMRAM    000000
__Hcinit                  cinit        000000
__Hclrtext                clrtext      000000
__Hcomram                 comram       000000
__Hconfig                 config       30000E
__Hconst                  const        000000
__HcstackCOMRAM           cstackCOMRAM 000000
__Hdata                   data         000000
__HdataCOMRAM             dataCOMRAM   000000
__Heeprom_data            eeprom_data  000000
__Hfarbss                 farbss       000000
__Hfardata                fardata      000000
__Hibigdata               ibigdata     000000
__Hidata                  idata        000000
__HidataCOMRAM            idataCOMRAM  000000
__Hidloc                  idloc        200008
__Hifardata               ifardata     000000
__Hinit                   init         000004
__Hintcode                intcode      000000
__Hintcode_body           intcode_body 000000
__Hintcodelo              intcodelo    000000
__Hintentry               intentry     000000
__Hintret                 intret       000000
__Hintsave_regs           intsave_regs 000000
__Hirdata                 irdata       000000
__Hmediumconst            mediumconst  000000
__HnvFARRAM               nvFARRAM     000000
__Hnvbit                  nvbit        000000
__Hnvrram                 nvrram       000000
__Hparam                  rparam       000000
__Hpowerup                powerup      000000
__Hram                    ram          000000
__Hramtop                 ramtop       000800
__Hrbit                   rbit         000000
__Hrbss                   rbss         000000
__Hrdata                  rdata        000000
__Hreset_vec              reset_vec    000000
__Hrparam                 rparam       000000
__Hsfr                    sfr          000000
__Hsmallconst             smallconst   000810
__Hspace_0                (abs)        001630
__Hspace_1                (abs)        00004C
__Hspace_2                (abs)        000000
__Hspace_4                (abs)        60000E
__Hstack                  stack        000000
__Hstruct                 struct       000000
__Htemp                   temp         000000
__Htext                   text         000000
__Htext0                  text0        000000
__Htext1                  text1        000000
__Htext10                 text10       000000
__Htext11                 text11       000000
__Htext12                 text12       000000
__Htext13                 text13       000000
__Htext14                 text14       000000
__Htext2                  text2        000000
__Htext3                  text3        000000
__Htext4                  text4        000000
__Htext5                  text5        000000
__Htext6                  text6        000000
__Htext7                  text7        000000
__Htext8                  text8        000000
__Htext9                  text9        000000
__LRAM                    (abs)        000001
__Labs1                   abs1         000000
__Lbank0                  bank0        000000
__Lbank1                  bank1        000000
__Lbank2                  bank2        000000
__Lbank3                  bank3        000000
__Lbank4                  bank4        000000
__Lbank5                  bank5        000000
__Lbank6                  bank6        000000
__Lbank7                  bank7        000000
__Lbigbss                 bigbss       000000
__Lbigdata                bigdata      000000
__Lbigram                 bigram       000000
__Lbss                    bss          000000
__LbssCOMRAM              bssCOMRAM    000000
__Lcinit                  cinit        000000
__Lclrtext                clrtext      000000
__Lcomram                 comram       000000
__Lconfig                 config       000000
__Lconst                  const        000000
__LcstackCOMRAM           cstackCOMRAM 000000
__Ldata                   data         000000
__LdataCOMRAM             dataCOMRAM   000000
__Leeprom_data            eeprom_data  000000
__Lfarbss                 farbss       000000
__Lfardata                fardata      000000
__Libigdata               ibigdata     000000
__Lidata                  idata        000000
__LidataCOMRAM            idataCOMRAM  000000
__Lidloc                  idloc        000000
__Lifardata               ifardata     000000
__Linit                   init         000000
__Lintcode                intcode      000000
__Lintcode_body           intcode_body 000000
__Lintcodelo              intcodelo    000000
__Lintentry               intentry     000000
__Lintret                 intret       000000
__Lintsave_regs           intsave_regs 000000
__Lirdata                 irdata       000000
__Lmediumconst            mediumconst  000000
__LnvFARRAM               nvFARRAM     000000
__Lnvbit                  nvbit        000000
__Lnvrram                 nvrram       000000
__Lparam                  rparam       000000
__Lpowerup                powerup      000000
__Lram                    ram          000000
__Lramtop                 ramtop       000800
__Lrbit                   rbit         000000
__Lrbss                   rbss         000000
__Lrdata                  rdata        000000
__Lreset_vec              reset_vec    000000
__Lrparam                 rparam       000000
__Lsfr                    sfr          000000
__Lsmallconst             smallconst   000800
__Lspace_0                (abs)        000000
__Lspace_1                (abs)        000000
__Lspace_2                (abs)        000000
__Lspace_4                (abs)        000000
__Lstack                  stack        000000
__Lstruct                 struct       000000
__Ltemp                   temp         000000
__Ltext                   text         000000
__Ltext0                  text0        000000
__Ltext1                  text1        000000
__Ltext10                 text10       000000
__Ltext11                 text11       000000
__Ltext12                 text12       000000
__Ltext13                 text13       000000
__Ltext14                 text14       000000
__Ltext2                  text2        000000
__Ltext3                  text3        000000
__Ltext4                  text4        000000
__Ltext5                  text5        000000
__Ltext6                  text6        000000
__Ltext7                  text7        000000
__Ltext8                  text8        000000
__Ltext9                  text9        000000
__S0                      (abs)        001630
__S1                      (abs)        00004C
__S2                      (abs)        000000
__S4                      (abs)        000000
__S5                      (abs)        000000
___awdiv                  text12       0012F4
___awdiv@counter          cstackCOMRAM 000005
___awdiv@dividend         cstackCOMRAM 000001
___awdiv@divisor          cstackCOMRAM 000003
___awdiv@quotient         cstackCOMRAM 000007
___awdiv@sign             cstackCOMRAM 000006
___fldiv                  text5        000810
___fldiv@a                cstackCOMRAM 000013
___fldiv@aexp             cstackCOMRAM 000027
___fldiv@b                cstackCOMRAM 00000F
___fldiv@bexp             cstackCOMRAM 000026
___fldiv@grs              cstackCOMRAM 000022
___fldiv@new_exp          cstackCOMRAM 000020
___fldiv@rem              cstackCOMRAM 00001B
___fldiv@sign             cstackCOMRAM 00001F
___fltol                  text4        000F46
___fltol@exp1             cstackCOMRAM 000031
___fltol@f1               cstackCOMRAM 000028
___fltol@sign1            cstackCOMRAM 000030
___inthi_sp               stack        000000
___intlo_sp               stack        000000
___lwdiv                  text3        00144E
___lwdiv@counter          cstackCOMRAM 000007
___lwdiv@dividend         cstackCOMRAM 000001
___lwdiv@divisor          cstackCOMRAM 000003
___lwdiv@quotient         cstackCOMRAM 000005
___param_bank             (abs)        000000
___rparam_used            (abs)        000001
___sp                     stack        000000
___xxtofl                 text2        000D92
___xxtofl@arg             cstackCOMRAM 00000B
___xxtofl@exp             cstackCOMRAM 00000A
___xxtofl@sign            cstackCOMRAM 000009
___xxtofl@val             cstackCOMRAM 000001
__accesstop               (abs)        000060
__activetblptr            (abs)        000002
__end_of_ADC_Initialize   text14       00160A
__end_of_ADC_Read         text13       001578
__end_of_LCD_Char         text8        001216
__end_of_LCD_Clear        text10       001620
__end_of_LCD_Command      text11       0012F4
__end_of_LCD_Init         text9        0015B4
__end_of_LCD_String       text7        001520
__end_of_LCD_String_xy    text6        00144E
__end_of___awdiv          text12       0013B8
__end_of___fldiv          text5        000BAA
__end_of___fltol          text4        00104C
__end_of___lwdiv          text3        0014C2
__end_of___xxtofl         text2        000F46
__end_of__initialization  cinit        0015E0
__end_of_formatar_valord  text1        001138
__end_of_main             text0        000D92
__initialization          cinit        0015B4
__mediumconst             mediumconst  000000
__pbssCOMRAM              bssCOMRAM    000044
__pcinit                  cinit        0015B4
__pcstackCOMRAM           cstackCOMRAM 000001
__pdataCOMRAM             dataCOMRAM   000034
__pidataCOMRAM            idataCOMRAM  001620
__psmallconst             smallconst   000800
__ptext0                  text0        000BAA
__ptext1                  text1        00104C
__ptext10                 text10       00160A
__ptext11                 text11       001216
__ptext12                 text12       0012F4
__ptext13                 text13       001520
__ptext14                 text14       0015EA
__ptext2                  text2        000D92
__ptext3                  text3        00144E
__ptext4                  text4        000F46
__ptext5                  text5        000810
__ptext6                  text6        0013B8
__ptext7                  text7        0014C2
__ptext8                  text8        001138
__ptext9                  text9        001578
__ramtop                  ramtop       000800
__size_of_ADC_Initialize  (abs)        000000
__size_of_ADC_Read        (abs)        000000
__size_of_LCD_Char        (abs)        000000
__size_of_LCD_Clear       (abs)        000000
__size_of_LCD_Command     (abs)        000000
__size_of_LCD_Init        (abs)        000000
__size_of_LCD_String      (abs)        000000
__size_of_LCD_String_xy   (abs)        000000
__size_of___awdiv         (abs)        000000
__size_of___fldiv         (abs)        000000
__size_of___fltol         (abs)        000000
__size_of___lwdiv         (abs)        000000
__size_of___xxtofl        (abs)        000000
__size_of_formatar_valord (abs)        000000
__size_of_main            (abs)        000000
__smallconst              smallconst   000800
_aux1                     bssCOMRAM    000046
_aux2                     bssCOMRAM    000044
_formatar_valord          text1        00104C
_main                     text0        000BAA
_temp                     bssCOMRAM    00004A
_temp1                    bssCOMRAM    000048
_vec                      dataCOMRAM   00003C
_vec1                     dataCOMRAM   000034
end_of_initialization     cinit        0015E0
formatar_valord@aux       cstackCOMRAM 000009
formatar_valord@buff      cstackCOMRAM 000001
formatar_valord@centena   cstackCOMRAM 000005
formatar_valord@d         cstackCOMRAM 000003
formatar_valord@dezena    cstackCOMRAM 000007
formatar_valord@milhar    cstackCOMRAM 000006
formatar_valord@unidade   cstackCOMRAM 000008
intlevel0                 text         000000
intlevel1                 text         000000
intlevel2                 text         000000
intlevel3                 text         000000
isa$std                   (abs)        000001
isa$xinst                 (abs)        000000
stackhi                   (abs)        0007FF
stacklo                   (abs)        000060
start                     init         000000
start_initialization      cinit        0015B4


MODULE INFORMATION

Module		Function		Class		Link	Load	Size
C:\Program Files\Microchip\xc8\v2.32\pic\sources\c99\common\awdiv.c
		___awdiv       		CODE           	12F4	0000	196

C:\Program Files\Microchip\xc8\v2.32\pic\sources\c99\common\awdiv.c estimated size: 196

shared
		__initialization		CODE           	15B4	0000	44

shared estimated size: 44

C:\Program Files\Microchip\xc8\v2.32\pic\sources\c99\common\sprcdiv.c
		___fldiv       		CODE           	0810	0000	922

C:\Program Files\Microchip\xc8\v2.32\pic\sources\c99\common\sprcdiv.c estimated size: 922

C:\Program Files\Microchip\xc8\v2.32\pic\sources\c99\common\lwdiv.c
		___lwdiv       		CODE           	144E	0000	116

C:\Program Files\Microchip\xc8\v2.32\pic\sources\c99\common\lwdiv.c estimated size: 116

C:\Program Files\Microchip\xc8\v2.32\pic\sources\c99\common\fltol.c
		___fltol       		CODE           	0F46	0000	262

C:\Program Files\Microchip\xc8\v2.32\pic\sources\c99\common\fltol.c estimated size: 262

LCD4B20X4.c
		_LCD_String    		CODE           	14C2	0000	94
		_LCD_Init      		CODE           	1578	0000	60
		_LCD_Command   		CODE           	1216	0000	222
		_LCD_String_xy 		CODE           	13B8	0000	150
		_LCD_Char      		CODE           	1138	0000	222
		_LCD_Clear     		CODE           	160A	0000	22

LCD4B20X4.c estimated size: 770

C:\Program Files\Microchip\xc8\v2.32\pic\sources\c99\common\xxtofl.c
		___xxtofl      		CODE           	0D92	0000	436

C:\Program Files\Microchip\xc8\v2.32\pic\sources\c99\common\xxtofl.c estimated size: 436

main.c
		_ADC_Initialize		CODE           	15EA	0000	32
		_main          		CODE           	0BAA	0000	488
		_formatar_valord		CODE           	104C	0000	236
		_ADC_Read      		CODE           	1520	0000	88

main.c estimated size: 844

